// Jest Snapshot v1, https://goo.gl/fbAQLP

exports[`Integration tests should match a snapshot 1`] = `
<div
  className="container"
  style={
    Object {
      "marginTop": "150px",
    }
  }
>
  <h1>
    Hello!
  </h1>
  <form
    onSubmit={[Function]}
  >
    <div
      className="form-group"
    >
      <input
        aria-describedby="nameHelp"
        className="form-control"
        id="name"
        onChange={[Function]}
        placeholder="Enter name ..."
        type="text"
        value=""
      />
    </div>
    <div
      className="form-check"
    >
      <input
        checked={false}
        className="form-check-input"
        id="espanol"
        onChange={[Function]}
        type="checkbox"
      />
      <label
        className="form-check-label"
        htmlFor="espanol"
      >
        espa√±ol
      </label>
    </div>
  </form>
</div>
`;
